// Jest Snapshot v1, https://goo.gl/fbAQLP

exports[`<HomeScreen /> home screen snapshot 1`] = `<homeScreen />`;
